// Jest Snapshot v1, https://goo.gl/fbAQLP

exports[`App component renders App 1`] = `
<DocumentFragment>
  <main>
    <h1>
      Twin Peaks Quote
    </h1>
    <p>
       - 
    </p>
    <button>
      Load Quote
    </button>
  </main>
</DocumentFragment>
`;
